
> my-gpt@0.1.0 build
> next build

   Γû▓ Next.js 16.0.10 (Turbopack)
   - Environments: .env.local, .env
   - Experiments (use with caution):
     ┬╖ serverActions

   Creating an optimized production build ...
 Γ£ô Compiled successfully in 7.4s
   Running TypeScript ...
node.exe : Failed 
to compile.
At C:\Program Files\
nodejs\npm.ps1:16 
char:5
+     & 
"$basedir/node$exe" 
 "$basedir/node_modu
les/npm/bin/npm-cli.
js" ...
+     ~~~~~~~~~~~~~~
~~~~~~~~~~~~~~~~~~~~
~~~~~~~~~~~~~~~~~~~~
~~~~~~~~~~~
    + CategoryInfo  
            : NotS  
  pecified: (Fail   
 ed to compile.:    
String) [], Rem    
oteException
    + FullyQualifie 
   dErrorId : Nati  
  veCommandError
 

./src/app/actions/te
stSessions.ts:91:7
Type error: 
Argument of type '{ 
test_id: number; 
test_prompt: 
string; best_model: 
string | null; 
best_score: number 
| null; }[]' is not 
assignable to 
parameter of type 
'{ test_id: number; 
test_name: string; 
test_prompt: 
string; }[]'.
  Property 
'test_name' is 
missing in type '{ 
test_id: number; 
test_prompt: 
string; best_model: 
string | null; 
best_score: number 
| null; }' but 
required in type '{ 
test_id: number; 
test_name: string; 
test_prompt: 
string; }'.

[0m [90m 89 
|[39m     runTestsI
nBackground(
 [90m 90 |[39m    
   
testRunId[33m,[39m
[31m[1m>[22m[39m
[90m 91 |[39m     
  profile[33m.[39m
tests[33m,[39m
 [90m    |[39m    
   
[31m[1m^[22m[39m
 [90m 92 |[39m    
   profile[33m.[39
mmodels[33m,[39m
 [90m 93 |[39m    
   profile[33m.[39
msystem_prompt [33m
?[39m[33m?[39m 
[32m""[39m
 [90m 94 |[39m    
 )[33m.[39m[36mca
tch[39m(console[33
m.[39merror)[33m;
[39m[0m
Next.js build 
worker exited with 
code: 1 and signal: 
null
